../Core/Src/cc1101.c:17:13:CC1101_WaitMiso	16	static
../Core/Src/cc1101.c:26:19:CC1101_Init	24	static
../Core/Src/cc1101.c:67:6:CC1101_WriteReg	24	static
../Core/Src/cc1101.c:77:9:CC1101_ReadReg	24	static
../Core/Src/cc1101.c:91:9:CC1101_ReadStatus	24	static
../Core/Src/cc1101.c:105:6:CC1101_WriteStrobe	16	static
../Core/Src/cc1101.c:126:6:CC1101_Reset	16	static
../Core/Src/cc1101.c:139:6:CC1101_SetFrequency	24	static
../Core/Src/cc1101.c:155:6:CC1101_ConfigureForASK_OOK	32	static
../Core/Src/cc1101.c:219:6:CC1101_SetRxMode	16	static
../Core/Src/cc1101.c:232:6:CC1101_SetTxMode	16	static
../Core/Src/cc1101.c:246:6:CC1101_SetIdleMode	16	static
../Core/Src/cc1101.c:300:6:CC1101_ConfigureGDO0_RawData	16	static
../Core/Src/cc1101.c:307:6:CC1101_ConfigureGDO0_SyncWord	16	static
../Core/Src/cc1101.c:315:9:CC1101_GetMarcState	16	static
../Core/Src/cc1101.c:320:6:CC1101_IsConnected	24	static
../Core/Src/cc1101.c:332:8:CC1101_GetRSSI	24	static
../Core/Src/cc1101.c:347:9:CC1101_GetLQI	16	static
../Core/Src/cc1101.c:352:6:CC1101_ConfigureGDO0_CarrierSense	16	static
../Core/Src/cc1101.c:358:6:CC1101_ConfigureGDO0_HighZ	16	static
../Core/Src/cc1101.c:364:6:CC1101_ConfigureGDO0_High	16	static
../Core/Src/cc1101.c:371:6:CC1101_ConfigureGDO0_Low	16	static
../Core/Src/cc1101.c:377:6:CC1101_PrintRegisters	16	static
